17-10-16T23:06:28.131Z] error: Error: Block hash or address expected
Oct 16 23:06:28 rs-iad-insight-04 bitcored[23072]:     at TxController.list (/home/bitcore/.npm-packages/lib/node_modules/bitcore/node_modules/insight-api/lib/transactions.js:321:37)
Oct 16 23:06:28 rs-iad-insight-04 bitcored[23072]:     at Layer.handle [as handle_request] (/home/bitcore/.npm-packages/lib/node_modules/bitcore/node_modules/express/lib/router/layer.js:95:5)
Oct 16 23:06:28 rs-iad-insight-04 bitcored[23072]:     at next (/home/bitcore/.npm-packages/lib/node_modules/bitcore/node_modules/express/lib/router/route.js:137:13)
Oct 16 23:06:28 rs-iad-insight-04 bitcored[23072]:     at /home/bitcore/.npm-packages/lib/node_modules/bitcore/node_modules/insight-api/lib/index.js:73:5
Oct 16 23:06:28 rs-iad-insight-04 bitcored[23072]:     at Layer.handle [as handle_request] (/home/bitcore/.npm-packages/lib/node_modules/bitcore/node_modules/express/lib/router/layer.js:95:5)
Oct 16 23:06:28 rs-iad-insight-04 bitcored[23072]:     at next (/home/bitcore/.npm-packages/lib/node_modules/bitcore/node_modules/express/lib/router/route.js:137:13)
Oct 16 23:06:28 rs-iad-insight-04 bitcored[23072]:     at Route.dispatch (/home/bitcore/.npm-packages/lib/node_modules/bitcore/node_modules/express/lib/router/route.js:112:3)
Oct 16 23:06:28 rs-iad-insight-04 bitcored[23072]:     at Layer.handle [as handle_request] (/home/bitcore/.npm-packages/lib/node_modules/bitcore/node_modules/express/lib/router/layer.js:95:5)
Oct 16 23:06:28 rs-iad-insight-04 bitcored[23072]:     at /home/bitcore/.npm-packages/lib/node_modules/bitcore/node_modules/express/lib/router/index.js:281:22
Oct 16 23:06:28 rs-iad-insight-04 bitcored[23072]:     at



17

